I'm sorry, but errors were detected in your script. Please correct the
errors listed below, and try again.


File "game/script.rpy", line 19: end of line expected.
    scene hero_monit with dissolve dissolve_time
                                   ^

Ren'Py Version: Ren'Py 8.1.3.23091805
Mon Nov 13 21:17:13 2023
